---
source: crates/avian3d/../../src/tests.rs
expression: bodies
---
[
    (
        Id(
            0,
        ),
        Transform {
            translation: Vec3(
                -4.272437,
                0.49990237,
                -4.156704,
            ),
            rotation: Quat(
                6.0848083e-6,
                -0.036966424,
                -5.4534785e-6,
                0.9993165,
            ),
            scale: Vec3(
                1.0,
                1.0,
                1.0,
            ),
        },
    ),
    (
        Id(
            1,
        ),
        Transform {
            translation: Vec3(
                -4.2119927,
                0.4999537,
                -2.0299592,
            ),
            rotation: Quat(
                1.4341873e-5,
                -0.072783306,
                2.8341258e-6,
                0.9973478,
            ),
            scale: Vec3(
                1.0,
                1.0,
                1.0,
            ),
        },
    ),
    (
        Id(
            2,
        ),
        Transform {
            translation: Vec3(
                -4.2627354,
                0.49994767,
                0.11294992,
            ),
            rotation: Quat(
                -1.6867609e-5,
                -0.03133163,
                6.243518e-6,
                0.99950904,
            ),
            scale: Vec3(
                1.0,
                1.0,
                1.0,
            ),
        },
    ),
    (
        Id(
            3,
        ),
        Transform {
            translation: Vec3(
                -4.321963,
                0.49994224,
                2.2519548,
            ),
            rotation: Quat(
                -9.102274e-6,
                -0.026923,
                3.0493634e-6,
                0.9996375,
            ),
            scale: Vec3(
                1.0,
                1.0,
                1.0,
            ),
        },
    ),
    (
        Id(
            4,
        ),
        Transform {
            translation: Vec3(
                -2.0914104,
                0.4997141,
                -4.218503,
            ),
            rotation: Quat(
                -0.00013810975,
                -0.01222343,
                -3.1410164e-5,
                0.99992526,
            ),
            scale: Vec3(
                1.0,
                1.0,
                1.0,
            ),
        },
    ),
    (
        Id(
            5,
        ),
        Transform {
            translation: Vec3(
                -2.0700755,
                0.49882153,
                -2.078962,
            ),
            rotation: Quat(
                -0.000131764,
                -0.014129139,
                6.291283e-5,
                0.99990016,
            ),
            scale: Vec3(
                1.0,
                1.0,
                1.0,
            ),
        },
    ),
    (
        Id(
            6,
        ),
        Transform {
            translation: Vec3(
                -2.1327493,
                0.49984014,
                -0.02643292,
            ),
            rotation: Quat(
                -5.6885406e-6,
                -0.017908286,
                -6.7406676e-5,
                0.9998396,
            ),
            scale: Vec3(
                1.0,
                1.0,
                1.0,
            ),
        },
    ),
    (
        Id(
            7,
        ),
        Transform {
            translation: Vec3(
                -2.0986056,
                0.49990457,
                2.1569982,
            ),
            rotation: Quat(
                1.549722e-5,
                -0.010267494,
                -3.1219566e-5,
                0.9999473,
            ),
            scale: Vec3(
                1.0,
                1.0,
                1.0,
            ),
        },
    ),
    (
        Id(
            8,
        ),
        Transform {
            translation: Vec3(
                -0.07299831,
                0.4999205,
                -4.3541665,
            ),
            rotation: Quat(
                -1.5522783e-5,
                -0.015534077,
                2.1846216e-5,
                0.99987936,
            ),
            scale: Vec3(
                1.0,
                1.0,
                1.0,
            ),
        },
    ),
    (
        Id(
            9,
        ),
        Transform {
            translation: Vec3(
                0.14805575,
                0.49989757,
                -2.0516567,
            ),
            rotation: Quat(
                2.6076204e-5,
                -0.015032136,
                2.8783716e-5,
                0.999887,
            ),
            scale: Vec3(
                1.0,
                1.0,
                1.0,
            ),
        },
    ),
    (
        Id(
            10,
        ),
        Transform {
            translation: Vec3(
                0.12596628,
                0.49986187,
                0.052221693,
            ),
            rotation: Quat(
                3.1041818e-5,
                -0.026706444,
                -3.1963827e-5,
                0.9996433,
            ),
            scale: Vec3(
                1.0,
                1.0,
                1.0,
            ),
        },
    ),
    (
        Id(
            11,
        ),
        Transform {
            translation: Vec3(
                0.12602392,
                0.4999127,
                2.2393794,
            ),
            rotation: Quat(
                -3.7253558e-5,
                -0.04241955,
                4.7419567e-6,
                0.9990999,
            ),
            scale: Vec3(
                1.0,
                1.0,
                1.0,
            ),
        },
    ),
    (
        Id(
            12,
        ),
        Transform {
            translation: Vec3(
                2.2081268,
                0.4998451,
                -4.254699,
            ),
            rotation: Quat(
                -1.723979e-5,
                -0.039078556,
                9.2992894e-5,
                0.99923617,
            ),
            scale: Vec3(
                1.0,
                1.0,
                1.0,
            ),
        },
    ),
    (
        Id(
            13,
        ),
        Transform {
            translation: Vec3(
                2.207033,
                0.4995133,
                -2.1335335,
            ),
            rotation: Quat(
                0.00017780215,
                -0.02722433,
                -9.636089e-5,
                0.9996293,
            ),
            scale: Vec3(
                1.0,
                1.0,
                1.0,
            ),
        },
    ),
    (
        Id(
            14,
        ),
        Transform {
            translation: Vec3(
                2.304016,
                0.49983165,
                0.0067542875,
            ),
            rotation: Quat(
                2.18706e-5,
                -0.031387404,
                -4.7181347e-5,
                0.9995073,
            ),
            scale: Vec3(
                1.0,
                1.0,
                1.0,
            ),
        },
    ),
    (
        Id(
            15,
        ),
        Transform {
            translation: Vec3(
                2.6514761,
                0.49987647,
                2.2693646,
            ),
            rotation: Quat(
                1.5298845e-6,
                0.078087755,
                6.0984497e-5,
                0.9969465,
            ),
            scale: Vec3(
                1.0,
                1.0,
                1.0,
            ),
        },
    ),
    (
        Id(
            16,
        ),
        Transform {
            translation: Vec3(
                -4.567759,
                2.49966,
                -4.788094,
            ),
            rotation: Quat(
                -4.6004105e-5,
                -0.09147331,
                -8.259468e-5,
                0.9958075,
            ),
            scale: Vec3(
                1.0,
                1.0,
                1.0,
            ),
        },
    ),
    (
        Id(
            17,
        ),
        Transform {
            translation: Vec3(
                -4.6357145,
                2.499763,
                -2.1420302,
            ),
            rotation: Quat(
                5.2861047e-5,
                0.007540838,
                1.21967805e-5,
                0.99997157,
            ),
            scale: Vec3(
                1.0,
                1.0,
                1.0,
            ),
        },
    ),
    (
        Id(
            18,
        ),
        Transform {
            translation: Vec3(
                -4.570842,
                2.4997678,
                -0.06239218,
            ),
            rotation: Quat(
                5.620148e-5,
                0.027444577,
                1.0868867e-5,
                0.9996233,
            ),
            scale: Vec3(
                1.0,
                1.0,
                1.0,
            ),
        },
    ),
    (
        Id(
            19,
        ),
        Transform {
            translation: Vec3(
                -4.802882,
                2.4997778,
                2.1220083,
            ),
            rotation: Quat(
                6.0309965e-5,
                0.09281629,
                -2.9920966e-5,
                0.99568325,
            ),
            scale: Vec3(
                1.0,
                1.0,
                1.0,
            ),
        },
    ),
    (
        Id(
            20,
        ),
        Transform {
            translation: Vec3(
                -2.224789,
                2.4993112,
                -4.593808,
            ),
            rotation: Quat(
                -2.7059801e-5,
                -0.01614838,
                -0.00011837336,
                0.9998696,
            ),
            scale: Vec3(
                1.0,
                1.0,
                1.0,
            ),
        },
    ),
    (
        Id(
            21,
        ),
        Transform {
            translation: Vec3(
                -1.9141245,
                2.4970915,
                -2.128547,
            ),
            rotation: Quat(
                -0.0010247034,
                -0.039901905,
                4.4016524e-5,
                0.9992031,
            ),
            scale: Vec3(
                1.0,
                1.0,
                1.0,
            ),
        },
    ),
    (
        Id(
            22,
        ),
        Transform {
            translation: Vec3(
                -1.9388466,
                2.4994159,
                -0.018956283,
            ),
            rotation: Quat(
                3.2341548e-5,
                -0.027552176,
                -8.367082e-5,
                0.9996204,
            ),
            scale: Vec3(
                1.0,
                1.0,
                1.0,
            ),
        },
    ),
    (
        Id(
            23,
        ),
        Transform {
            translation: Vec3(
                -2.3053875,
                2.4994822,
                2.1054938,
            ),
            rotation: Quat(
                3.163934e-5,
                -0.029911522,
                8.068766e-5,
                0.99955255,
            ),
            scale: Vec3(
                1.0,
                1.0,
                1.0,
            ),
        },
    ),
    (
        Id(
            24,
        ),
        Transform {
            translation: Vec3(
                -0.08620938,
                2.4994876,
                -4.7656054,
            ),
            rotation: Quat(
                -0.000111191526,
                -0.006360894,
                -3.346573e-5,
                0.99997973,
            ),
            scale: Vec3(
                1.0,
                1.0,
                1.0,
            ),
        },
    ),
    (
        Id(
            25,
        ),
        Transform {
            translation: Vec3(
                0.13343939,
                2.499504,
                -2.1321745,
            ),
            rotation: Quat(
                -4.6418263e-5,
                -0.029478326,
                0.00012809857,
                0.9995654,
            ),
            scale: Vec3(
                1.0,
                1.0,
                1.0,
            ),
        },
    ),
    (
        Id(
            26,
        ),
        Transform {
            translation: Vec3(
                0.08506174,
                2.499357,
                0.008593088,
            ),
            rotation: Quat(
                -3.3022076e-5,
                -0.03865743,
                9.776763e-5,
                0.9992525,
            ),
            scale: Vec3(
                1.0,
                1.0,
                1.0,
            ),
        },
    ),
    (
        Id(
            27,
        ),
        Transform {
            translation: Vec3(
                0.07306774,
                2.4995947,
                2.2417622,
            ),
            rotation: Quat(
                0.00013101602,
                -0.04209555,
                0.000108689754,
                0.99911356,
            ),
            scale: Vec3(
                1.0,
                1.0,
                1.0,
            ),
        },
    ),
    (
        Id(
            28,
        ),
        Transform {
            translation: Vec3(
                3.8932571,
                2.2621915,
                -4.5489693,
            ),
            rotation: Quat(
                -0.032741416,
                -0.14646861,
                -0.39788494,
                0.90507597,
            ),
            scale: Vec3(
                1.0,
                1.0,
                1.0,
            ),
        },
    ),
    (
        Id(
            29,
        ),
        Transform {
            translation: Vec3(
                2.4854167,
                2.4973397,
                -2.0982702,
            ),
            rotation: Quat(
                -0.00040414018,
                -0.07212591,
                -0.0006194304,
                0.9973953,
            ),
            scale: Vec3(
                1.0,
                1.0,
                1.0,
            ),
        },
    ),
    (
        Id(
            30,
        ),
        Transform {
            translation: Vec3(
                2.3322196,
                2.4994037,
                -0.0537199,
            ),
            rotation: Quat(
                -0.00012927114,
                -0.048002243,
                6.5888094e-6,
                0.99884725,
            ),
            scale: Vec3(
                1.0,
                1.0,
                1.0,
            ),
        },
    ),
    (
        Id(
            31,
        ),
        Transform {
            translation: Vec3(
                3.0011299,
                2.4999607,
                2.250322,
            ),
            rotation: Quat(
                -0.00014850302,
                0.11443024,
                -0.00084355543,
                0.9934309,
            ),
            scale: Vec3(
                1.0,
                1.0,
                1.0,
            ),
        },
    ),
    (
        Id(
            32,
        ),
        Transform {
            translation: Vec3(
                -10.19887,
                0.4999746,
                -11.367939,
            ),
            rotation: Quat(
                0.017002042,
                0.016997322,
                0.70690274,
                0.7069021,
            ),
            scale: Vec3(
                1.0,
                1.0,
                1.0,
            ),
        },
    ),
    (
        Id(
            33,
        ),
        Transform {
            translation: Vec3(
                -10.800092,
                0.49997875,
                -4.24226,
            ),
            rotation: Quat(
                -0.49938574,
                -0.49938548,
                0.5006136,
                0.50061375,
            ),
            scale: Vec3(
                1.0,
                1.0,
                1.0,
            ),
        },
    ),
    (
        Id(
            34,
        ),
        Transform {
            translation: Vec3(
                -12.824721,
                0.49997792,
                -2.5592468,
            ),
            rotation: Quat(
                -0.48056754,
                -6.0161554e-8,
                0.8769577,
                1.1514671e-7,
            ),
            scale: Vec3(
                1.0,
                1.0,
                1.0,
            ),
        },
    ),
    (
        Id(
            35,
        ),
        Transform {
            translation: Vec3(
                -9.381161,
                0.49997815,
                4.6438084,
            ),
            rotation: Quat(
                0.2842881,
                0.28428847,
                0.6474415,
                0.647441,
            ),
            scale: Vec3(
                1.0,
                1.0,
                1.0,
            ),
        },
    ),
    (
        Id(
            36,
        ),
        Transform {
            translation: Vec3(
                -3.4150414,
                4.4993997,
                -4.556797,
            ),
            rotation: Quat(
                -1.3740006e-6,
                0.0051016035,
                -0.00011647909,
                0.999987,
            ),
            scale: Vec3(
                1.0,
                1.0,
                1.0,
            ),
        },
    ),
    (
        Id(
            37,
        ),
        Transform {
            translation: Vec3(
                -2.827957,
                4.4987626,
                -2.3403456,
            ),
            rotation: Quat(
                -0.00024038383,
                -0.007483068,
                -0.00081577455,
                0.9999716,
            ),
            scale: Vec3(
                1.0,
                1.0,
                1.0,
            ),
        },
    ),
    (
        Id(
            38,
        ),
        Transform {
            translation: Vec3(
                -2.6988394,
                4.4994755,
                -0.1458865,
            ),
            rotation: Quat(
                2.566706e-6,
                0.033985235,
                -0.000114946255,
                0.9994223,
            ),
            scale: Vec3(
                1.0,
                1.0,
                1.0,
            ),
        },
    ),
    (
        Id(
            39,
        ),
        Transform {
            translation: Vec3(
                -3.5074003,
                4.4994445,
                2.3390384,
            ),
            rotation: Quat(
                6.439906e-5,
                0.09123713,
                -0.000107265536,
                0.99582916,
            ),
            scale: Vec3(
                1.0,
                1.0,
                1.0,
            ),
        },
    ),
    (
        Id(
            40,
        ),
        Transform {
            translation: Vec3(
                -1.1090912,
                4.4990997,
                -4.563962,
            ),
            rotation: Quat(
                0.00010702135,
                0.1540188,
                2.1962653e-5,
                0.9880679,
            ),
            scale: Vec3(
                1.0,
                1.0,
                1.0,
            ),
        },
    ),
    (
        Id(
            41,
        ),
        Transform {
            translation: Vec3(
                -0.36584187,
                4.499107,
                -2.0822926,
            ),
            rotation: Quat(
                -2.792799e-6,
                -0.009188426,
                2.8060755e-5,
                0.9999578,
            ),
            scale: Vec3(
                1.0,
                1.0,
                1.0,
            ),
        },
    ),
    (
        Id(
            42,
        ),
        Transform {
            translation: Vec3(
                -0.40752062,
                4.4990945,
                0.110008486,
            ),
            rotation: Quat(
                -3.3400227e-7,
                -0.019277852,
                -2.7046586e-5,
                0.99981415,
            ),
            scale: Vec3(
                1.0,
                1.0,
                1.0,
            ),
        },
    ),
    (
        Id(
            43,
        ),
        Transform {
            translation: Vec3(
                -1.0505171,
                4.4992137,
                2.2660499,
            ),
            rotation: Quat(
                6.2261235e-5,
                -0.08704419,
                -1.0878736e-5,
                0.99620444,
            ),
            scale: Vec3(
                1.0,
                1.0,
                1.0,
            ),
        },
    ),
    (
        Id(
            44,
        ),
        Transform {
            translation: Vec3(
                5.5882654,
                3.3538976,
                -4.2151966,
            ),
            rotation: Quat(
                -0.026396304,
                -0.13183443,
                -0.39831802,
                0.9073399,
            ),
            scale: Vec3(
                1.0,
                1.0,
                1.0,
            ),
        },
    ),
    (
        Id(
            45,
        ),
        Transform {
            translation: Vec3(
                2.5649562,
                4.494575,
                -2.2080452,
            ),
            rotation: Quat(
                -0.0016079474,
                -0.069725655,
                -0.0006014669,
                0.99756473,
            ),
            scale: Vec3(
                1.0,
                1.0,
                1.0,
            ),
        },
    ),
    (
        Id(
            46,
        ),
        Transform {
            translation: Vec3(
                2.631039,
                4.499075,
                0.050905757,
            ),
            rotation: Quat(
                -0.00015690408,
                -0.055737436,
                -0.00013966268,
                0.99844545,
            ),
            scale: Vec3(
                1.0,
                1.0,
                1.0,
            ),
        },
    ),
    (
        Id(
            47,
        ),
        Transform {
            translation: Vec3(
                3.5380657,
                4.498564,
                2.585469,
            ),
            rotation: Quat(
                -1.0758935e-5,
                0.080671936,
                -0.00092655804,
                0.9967403,
            ),
            scale: Vec3(
                1.0,
                1.0,
                1.0,
            ),
        },
    ),
    (
        Id(
            48,
        ),
        Transform {
            translation: Vec3(
                -8.79821,
                0.49997902,
                -4.100247,
            ),
            rotation: Quat(
                0.0019915649,
                -8.560944e-8,
                0.99999803,
                -9.184935e-8,
            ),
            scale: Vec3(
                1.0,
                1.0,
                1.0,
            ),
        },
    ),
    (
        Id(
            49,
        ),
        Transform {
            translation: Vec3(
                -10.791347,
                0.49997693,
                -1.111834,
            ),
            rotation: Quat(
                0.115031525,
                -8.8902857e-7,
                0.99336183,
                -2.393885e-7,
            ),
            scale: Vec3(
                1.0,
                1.0,
                1.0,
            ),
        },
    ),
    (
        Id(
            50,
        ),
        Transform {
            translation: Vec3(
                -8.280445,
                0.49997503,
                2.4477468,
            ),
            rotation: Quat(
                -0.07490129,
                0.70312864,
                0.7031286,
                0.07490106,
            ),
            scale: Vec3(
                1.0,
                1.0,
                1.0,
            ),
        },
    ),
    (
        Id(
            51,
        ),
        Transform {
            translation: Vec3(
                -4.4753857,
                0.49997416,
                8.106631,
            ),
            rotation: Quat(
                0.11479249,
                0.11480589,
                0.69772583,
                0.69772553,
            ),
            scale: Vec3(
                1.0,
                1.0,
                1.0,
            ),
        },
    ),
    (
        Id(
            52,
        ),
        Transform {
            translation: Vec3(
                -1.921551,
                6.4990654,
                -4.113845,
            ),
            rotation: Quat(
                1.3361651e-5,
                0.04007226,
                -8.6933826e-5,
                0.99919677,
            ),
            scale: Vec3(
                1.0,
                1.0,
                1.0,
            ),
        },
    ),
    (
        Id(
            53,
        ),
        Transform {
            translation: Vec3(
                -1.7565036,
                6.499072,
                -2.0101948,
            ),
            rotation: Quat(
                -8.697718e-5,
                0.0058197873,
                -4.3244734e-5,
                0.9999831,
            ),
            scale: Vec3(
                1.0,
                1.0,
                1.0,
            ),
        },
    ),
    (
        Id(
            54,
        ),
        Transform {
            translation: Vec3(
                -1.9428858,
                6.4992404,
                0.09674827,
            ),
            rotation: Quat(
                6.2289732e-6,
                -0.009196331,
                -7.707175e-5,
                0.9999577,
            ),
            scale: Vec3(
                1.0,
                1.0,
                1.0,
            ),
        },
    ),
    (
        Id(
            55,
        ),
        Transform {
            translation: Vec3(
                -2.2171593,
                6.4992175,
                2.660964,
            ),
            rotation: Quat(
                6.179597e-5,
                0.16275167,
                -1.8661856e-5,
                0.98666704,
            ),
            scale: Vec3(
                1.0,
                1.0,
                1.0,
            ),
        },
    ),
    (
        Id(
            56,
        ),
        Transform {
            translation: Vec3(
                2.4503746,
                3.3272712,
                -5.6408753,
            ),
            rotation: Quat(
                -0.056588557,
                -0.13577278,
                -0.4016723,
                0.9038932,
            ),
            scale: Vec3(
                1.0,
                1.0,
                1.0,
            ),
        },
    ),
    (
        Id(
            57,
        ),
        Transform {
            translation: Vec3(
                0.3236547,
                6.4990273,
                -1.8805907,
            ),
            rotation: Quat(
                -1.1324981e-5,
                0.027069382,
                -8.174647e-6,
                0.99963355,
            ),
            scale: Vec3(
                1.0,
                1.0,
                1.0,
            ),
        },
    ),
    (
        Id(
            58,
        ),
        Transform {
            translation: Vec3(
                0.18428396,
                6.498883,
                0.20638318,
            ),
            rotation: Quat(
                3.7873233e-5,
                -0.0141970785,
                -6.774163e-5,
                0.9998992,
            ),
            scale: Vec3(
                1.0,
                1.0,
                1.0,
            ),
        },
    ),
    (
        Id(
            59,
        ),
        Transform {
            translation: Vec3(
                1.2235875,
                5.5073,
                3.1598136,
            ),
            rotation: Quat(
                0.07970141,
                0.030365117,
                -0.37797958,
                0.9218769,
            ),
            scale: Vec3(
                1.0,
                1.0,
                1.0,
            ),
        },
    ),
    (
        Id(
            60,
        ),
        Transform {
            translation: Vec3(
                7.397232,
                4.3555446,
                -4.2211547,
            ),
            rotation: Quat(
                0.0029629094,
                -0.06721211,
                -0.39903045,
                0.9144662,
            ),
            scale: Vec3(
                1.0,
                1.0,
                1.0,
            ),
        },
    ),
    (
        Id(
            61,
        ),
        Transform {
            translation: Vec3(
                2.7078547,
                6.4952016,
                -1.5740238,
            ),
            rotation: Quat(
                -0.0038506195,
                -0.07194957,
                -0.0009020654,
                0.9974004,
            ),
            scale: Vec3(
                1.0,
                1.0,
                1.0,
            ),
        },
    ),
    (
        Id(
            62,
        ),
        Transform {
            translation: Vec3(
                2.7248456,
                6.499526,
                0.7563556,
            ),
            rotation: Quat(
                -0.00036383094,
                0.104959644,
                -0.00018995126,
                0.9944764,
            ),
            scale: Vec3(
                1.0,
                1.0,
                1.0,
            ),
        },
    ),
    (
        Id(
            63,
        ),
        Transform {
            translation: Vec3(
                4.0701847,
                6.4975333,
                2.7187877,
            ),
            rotation: Quat(
                1.42582885e-5,
                0.085407585,
                -0.0009404924,
                0.99634564,
            ),
            scale: Vec3(
                1.0,
                1.0,
                1.0,
            ),
        },
    ),
]
